2017-07-16 13:58:55,789 - Monitor - INFO - ProcessName:services.exe TotalMemory:5.2421875M totalCPU:0.0%
2017-07-16 13:58:55,792 - Monitor - INFO - services.exe Server is running...
2017-07-16 13:58:57,401 - Monitor - INFO - chrome.exe已停止运行！
2017-07-16 13:58:58,862 - Monitor - INFO - 
Server is not running,Begining to Restart Server...
2017-07-16 13:58:58 --Sunday--07/16/17 13:58:58

2017-07-16 13:58:58,881 - Monitor - INFO - chrome.exeRestart Server Success...
2017-07-16 13:58:58 --Sunday--07/16/17 13:58:58
2017-07-16 14:04:01,563 - Monitor - INFO - ProcessName:services.exe TotalMemory:5.2265625M totalCPU:34.3%
2017-07-16 14:04:01,565 - Monitor - INFO - services.exe Server is running...
2017-07-16 14:04:03,132 - Monitor - INFO - chrome.exe已停止运行！
2017-07-16 14:04:04,448 - Monitor - INFO - (554, 'DT:SPM 163 smtp12,EMCowAC321nTAWtZOW1rMw--.29984S2 1500185043,please see http://mail.163.com/help/help_spam_16.htm?ip=183.206.167.127&hostid=smtp12&time=1500185043')
2017-07-16 14:04:04,450 - Monitor - INFO - 
Server is not running,Begining to Restart Server...
2017-07-16 14:04:04 --Sunday--07/16/17 14:04:04

2017-07-16 14:04:04,454 - Monitor - INFO - chrome.exeRestart Server Success...
2017-07-16 14:04:04 --Sunday--07/16/17 14:04:04
2017-07-16 14:05:15,588 - Monitor - INFO - ProcessName:services.exe TotalMemory:5.24609375M totalCPU:32.8%
2017-07-16 14:05:15,589 - Monitor - INFO - services.exe Server is running...
2017-07-16 14:05:17,168 - Monitor - INFO - chrome.exe已停止运行！
2017-07-16 14:05:18,463 - Monitor - INFO - (554, 'DT:SPM 163 smtp10,DsCowAD3_QIdAmtZaOpTPg--.35742S2 1500185117,please see http://mail.163.com/help/help_spam_16.htm?ip=183.206.165.127&hostid=smtp10&time=1500185117')
2017-07-16 14:05:18,463 - Monitor - INFO - 
Server is not running,Begining to Restart Server...
2017-07-16 14:05:18 --Sunday--07/16/17 14:05:18

2017-07-16 14:05:18,483 - Monitor - INFO - chrome.exeRestart Server Success...
2017-07-16 14:05:18 --Sunday--07/16/17 14:05:18
2017-07-16 14:05:54,420 - Monitor - INFO - ProcessName:services.exe TotalMemory:5.23828125M totalCPU:0.0%
2017-07-16 14:05:54,421 - Monitor - INFO - services.exe Server is running...
2017-07-16 14:05:55,963 - Monitor - INFO - chrome.exe已停止运行！
2017-07-16 14:05:57,236 - Monitor - INFO - 
Server is not running,Begining to Restart Server...
2017-07-16 14:05:57 --Sunday--07/16/17 14:05:57

2017-07-16 14:05:57,257 - Monitor - INFO - chrome.exeRestart Server Success...
2017-07-16 14:05:57 --Sunday--07/16/17 14:05:57
2017-07-16 14:06:59,921 - Monitor - INFO - ProcessName:services.exe TotalMemory:5.23828125M totalCPU:0.0%
2017-07-16 14:06:59,924 - Monitor - INFO - services.exe Server is running...
2017-07-16 14:07:01,578 - Monitor - INFO - chrome.exe已停止运行！
2017-07-16 14:07:02,806 - Monitor - INFO - 
Server is not running,Begining to Restart Server...
2017-07-16 14:07:02 --Sunday--07/16/17 14:07:02

2017-07-16 14:07:02,811 - Monitor - INFO - chrome.exeRestart Server Success...
2017-07-16 14:07:02 --Sunday--07/16/17 14:07:02
2017-07-16 14:08:05,888 - Monitor - INFO - ProcessName:services.exe TotalMemory:5.23046875M totalCPU:0.0%
2017-07-16 14:08:05,890 - Monitor - INFO - services.exe Server is running...
2017-07-16 14:08:25,884 - Monitor - INFO - ProcessName:chrome.exe TotalMemory:1067.17578125M totalCPU:14.1%
2017-07-16 14:08:25,884 - Monitor - INFO - chrome.exe Server is running...
2017-07-16 14:09:28,940 - Monitor - INFO - ProcessName:services.exe TotalMemory:5.25390625M totalCPU:0.0%
2017-07-16 14:09:28,943 - Monitor - INFO - services.exe Server is running...
2017-07-16 14:09:48,946 - Monitor - INFO - ProcessName:chrome.exe TotalMemory:1017.328125M totalCPU:0.0%
2017-07-16 14:09:48,947 - Monitor - INFO - chrome.exe Server is running...
2017-07-16 14:10:51,977 - Monitor - INFO - ProcessName:services.exe TotalMemory:5.25390625M totalCPU:17.2%
2017-07-16 14:10:51,979 - Monitor - INFO - services.exe Server is running...
2017-07-16 14:11:11,970 - Monitor - INFO - ProcessName:chrome.exe TotalMemory:1006.38671875M totalCPU:0.0%
2017-07-16 14:11:11,973 - Monitor - INFO - chrome.exe Server is running...
2017-07-16 14:12:15,025 - Monitor - INFO - ProcessName:services.exe TotalMemory:5.27734375M totalCPU:37.4%
2017-07-16 14:12:15,026 - Monitor - INFO - services.exe Server is running...
2017-07-16 14:12:35,104 - Monitor - INFO - ProcessName:chrome.exe TotalMemory:1003.890625M totalCPU:0.0%
2017-07-16 14:12:35,105 - Monitor - INFO - chrome.exe Server is running...
2017-07-16 14:13:38,158 - Monitor - INFO - ProcessName:services.exe TotalMemory:4.859375M totalCPU:0.0%
2017-07-16 14:13:38,160 - Monitor - INFO - services.exe Server is running...
2017-07-16 14:13:58,243 - Monitor - INFO - ProcessName:chrome.exe TotalMemory:959.390625M totalCPU:0.0%
2017-07-16 14:13:58,244 - Monitor - INFO - chrome.exe Server is running...
2017-07-16 14:15:00,921 - Monitor - INFO - ProcessName:services.exe TotalMemory:5.07421875M totalCPU:0.0%
2017-07-16 14:15:00,924 - Monitor - INFO - services.exe Server is running...
2017-07-16 14:15:02,586 - Monitor - INFO - chrome.exe已停止运行！
2017-07-16 14:15:03,943 - Monitor - INFO - (554, 'DT:SPM 163 smtp10,DsCowACXTDZmBGtZss1UPg--.35319S2 1500185702,please see http://mail.163.com/help/help_spam_16.htm?ip=183.206.165.127&hostid=smtp10&time=1500185702')
2017-07-16 14:15:03,944 - Monitor - INFO - 
Server is not running,Begining to Restart Server...
2017-07-16 14:15:03 --Sunday--07/16/17 14:15:03

2017-07-16 14:15:03,947 - Monitor - INFO - chrome.exeRestart Server Success...
2017-07-16 14:15:03 --Sunday--07/16/17 14:15:03
2017-07-16 14:16:06,605 - Monitor - INFO - ProcessName:services.exe TotalMemory:5.078125M totalCPU:31.2%
2017-07-16 14:16:06,608 - Monitor - INFO - services.exe Server is running...
2017-07-16 14:16:08,158 - Monitor - INFO - chrome.exe已停止运行！
2017-07-16 14:16:09,635 - Monitor - INFO - 
Server is not running,Begining to Restart Server...
2017-07-16 14:16:09 --Sunday--07/16/17 14:16:09

2017-07-16 14:16:09,640 - Monitor - INFO - chrome.exeRestart Server Success...
2017-07-16 14:16:09 --Sunday--07/16/17 14:16:09
2017-07-16 14:17:12,345 - Monitor - INFO - ProcessName:services.exe TotalMemory:5.0625M totalCPU:0.0%
2017-07-16 14:17:12,345 - Monitor - INFO - services.exe Server is running...
2017-07-16 14:17:13,898 - Monitor - INFO - chrome.exe已停止运行！
2017-07-16 14:17:15,158 - Monitor - INFO - 
Server is not running,Begining to Restart Server...
2017-07-16 14:17:15 --Sunday--07/16/17 14:17:15

2017-07-16 14:17:15,164 - Monitor - INFO - chrome.exeRestart Server Success...
2017-07-16 14:17:15 --Sunday--07/16/17 14:17:15
2017-07-16 14:18:18,204 - Monitor - INFO - ProcessName:services.exe TotalMemory:5.0625M totalCPU:35.9%
2017-07-16 14:18:18,206 - Monitor - INFO - services.exe Server is running...
2017-07-16 14:18:39,280 - Monitor - INFO - ProcessName:chrome.exe TotalMemory:1083.0234375M totalCPU:12.5%
2017-07-16 14:18:39,282 - Monitor - INFO - chrome.exe Server is running...
2017-07-16 14:19:42,240 - Monitor - INFO - ProcessName:services.exe TotalMemory:5.0078125M totalCPU:34.3%
2017-07-16 14:19:42,242 - Monitor - INFO - services.exe Server is running...
2017-07-16 14:20:02,233 - Monitor - INFO - ProcessName:chrome.exe TotalMemory:1004.765625M totalCPU:0.0%
2017-07-16 14:20:02,236 - Monitor - INFO - chrome.exe Server is running...
2017-07-16 14:21:05,180 - Monitor - INFO - ProcessName:services.exe TotalMemory:5.01953125M totalCPU:0.0%
2017-07-16 14:21:05,184 - Monitor - INFO - services.exe Server is running...
2017-07-16 14:21:25,217 - Monitor - INFO - ProcessName:chrome.exe TotalMemory:1004.51953125M totalCPU:0.0%
2017-07-16 14:21:25,219 - Monitor - INFO - chrome.exe Server is running...
2017-07-16 14:22:28,183 - Monitor - INFO - ProcessName:services.exe TotalMemory:5.01171875M totalCPU:0.0%
2017-07-16 14:22:28,184 - Monitor - INFO - services.exe Server is running...
2017-07-16 14:22:48,151 - Monitor - INFO - ProcessName:chrome.exe TotalMemory:1004.5M totalCPU:0.0%
2017-07-16 14:22:48,151 - Monitor - INFO - chrome.exe Server is running...
2017-07-16 14:23:51,109 - Monitor - INFO - ProcessName:services.exe TotalMemory:5.01171875M totalCPU:0.0%
2017-07-16 14:23:51,111 - Monitor - INFO - services.exe Server is running...
2017-07-16 14:24:11,059 - Monitor - INFO - ProcessName:chrome.exe TotalMemory:1004.5625M totalCPU:0.0%
2017-07-16 14:24:11,061 - Monitor - INFO - chrome.exe Server is running...
2017-07-16 14:25:13,947 - Monitor - INFO - ProcessName:services.exe TotalMemory:5.0234375M totalCPU:28.1%
2017-07-16 14:25:13,948 - Monitor - INFO - services.exe Server is running...
2017-07-16 14:25:33,865 - Monitor - INFO - ProcessName:chrome.exe TotalMemory:1004.47265625M totalCPU:0.0%
2017-07-16 14:25:33,867 - Monitor - INFO - chrome.exe Server is running...
2017-07-16 14:26:36,789 - Monitor - INFO - ProcessName:services.exe TotalMemory:5.05859375M totalCPU:0.0%
2017-07-16 14:26:36,789 - Monitor - INFO - services.exe Server is running...
2017-07-16 14:26:56,785 - Monitor - INFO - ProcessName:chrome.exe TotalMemory:1000.90234375M totalCPU:0.0%
2017-07-16 14:26:56,785 - Monitor - INFO - chrome.exe Server is running...
2017-07-16 14:27:59,711 - Monitor - INFO - ProcessName:services.exe TotalMemory:5.01953125M totalCPU:0.0%
2017-07-16 14:27:59,711 - Monitor - INFO - services.exe Server is running...
2017-07-16 14:28:19,700 - Monitor - INFO - ProcessName:chrome.exe TotalMemory:1001.125M totalCPU:0.0%
2017-07-16 14:28:19,700 - Monitor - INFO - chrome.exe Server is running...
2017-07-16 14:29:22,660 - Monitor - INFO - ProcessName:services.exe TotalMemory:5.0390625M totalCPU:0.0%
2017-07-16 14:29:22,661 - Monitor - INFO - services.exe Server is running...
2017-07-16 14:29:42,592 - Monitor - INFO - ProcessName:chrome.exe TotalMemory:1001.8046875M totalCPU:0.0%
2017-07-16 14:29:42,594 - Monitor - INFO - chrome.exe Server is running...
2017-07-16 14:30:45,109 - Monitor - INFO - ProcessName:services.exe TotalMemory:5.01953125M totalCPU:14.0%
2017-07-16 14:30:45,111 - Monitor - INFO - services.exe Server is running...
2017-07-16 14:30:46,538 - Monitor - INFO - chrome.exe已停止运行！
2017-07-16 14:30:47,875 - Monitor - INFO - 
Server is not running,Begining to Restart Server...
2017-07-16 14:30:47 --Sunday--07/16/17 14:30:47

2017-07-16 14:30:47,880 - Monitor - INFO - chrome.exeRestart Server Success...
2017-07-16 14:30:47 --Sunday--07/16/17 14:30:47
2017-07-16 14:31:50,878 - Monitor - INFO - ProcessName:services.exe TotalMemory:5.046875M totalCPU:0.0%
2017-07-16 14:31:50,878 - Monitor - INFO - services.exe Server is running...
2017-07-16 14:32:11,782 - Monitor - INFO - ProcessName:chrome.exe TotalMemory:1364.453125M totalCPU:31.2%
2017-07-16 14:32:11,783 - Monitor - INFO - chrome.exe Server is running...
2017-07-16 14:33:14,944 - Monitor - INFO - ProcessName:services.exe TotalMemory:5.0859375M totalCPU:0.0%
2017-07-16 14:33:14,946 - Monitor - INFO - services.exe Server is running...
2017-07-16 14:33:35,852 - Monitor - INFO - ProcessName:chrome.exe TotalMemory:1709.80078125M totalCPU:0.0%
2017-07-16 14:33:35,854 - Monitor - INFO - chrome.exe Server is running...
2017-07-16 14:34:38,730 - Monitor - INFO - ProcessName:services.exe TotalMemory:5.09375M totalCPU:0.0%
2017-07-16 14:34:38,730 - Monitor - INFO - services.exe Server is running...
2017-07-16 14:34:59,573 - Monitor - INFO - ProcessName:chrome.exe TotalMemory:1522.55078125M totalCPU:0.0%
2017-07-16 14:34:59,575 - Monitor - INFO - chrome.exe Server is running...
2017-07-16 14:36:02,447 - Monitor - INFO - ProcessName:services.exe TotalMemory:5.07421875M totalCPU:20.3%
2017-07-16 14:36:02,447 - Monitor - INFO - services.exe Server is running...
2017-07-16 14:36:23,293 - Monitor - INFO - ProcessName:chrome.exe TotalMemory:1521.91015625M totalCPU:0.0%
2017-07-16 14:36:23,293 - Monitor - INFO - chrome.exe Server is running...
2017-07-16 14:37:26,081 - Monitor - INFO - ProcessName:services.exe TotalMemory:5.078125M totalCPU:32.8%
2017-07-16 14:37:26,082 - Monitor - INFO - services.exe Server is running...
2017-07-16 14:37:46,905 - Monitor - INFO - ProcessName:chrome.exe TotalMemory:1512.625M totalCPU:0.0%
2017-07-16 14:37:46,907 - Monitor - INFO - chrome.exe Server is running...
2017-07-16 14:38:49,694 - Monitor - INFO - ProcessName:services.exe TotalMemory:5.08984375M totalCPU:0.0%
2017-07-16 14:38:49,696 - Monitor - INFO - services.exe Server is running...
2017-07-16 14:39:10,568 - Monitor - INFO - ProcessName:chrome.exe TotalMemory:1514.04296875M totalCPU:0.0%
2017-07-16 14:39:10,569 - Monitor - INFO - chrome.exe Server is running...
2017-07-16 14:40:13,430 - Monitor - INFO - ProcessName:services.exe TotalMemory:5.109375M totalCPU:15.6%
2017-07-16 14:40:13,433 - Monitor - INFO - services.exe Server is running...
2017-07-16 14:40:34,362 - Monitor - INFO - ProcessName:chrome.exe TotalMemory:1512.0625M totalCPU:0.0%
2017-07-16 14:40:34,364 - Monitor - INFO - chrome.exe Server is running...
2017-07-16 14:41:37,256 - Monitor - INFO - ProcessName:services.exe TotalMemory:5.0859375M totalCPU:0.0%
2017-07-16 14:41:37,257 - Monitor - INFO - services.exe Server is running...
2017-07-16 14:41:58,161 - Monitor - INFO - ProcessName:chrome.exe TotalMemory:1512.11328125M totalCPU:0.0%
2017-07-16 14:41:58,163 - Monitor - INFO - chrome.exe Server is running...
2017-07-16 14:43:01,062 - Monitor - INFO - ProcessName:services.exe TotalMemory:4.98046875M totalCPU:0.0%
2017-07-16 14:43:01,063 - Monitor - INFO - services.exe Server is running...
2017-07-16 14:43:22,086 - Monitor - INFO - ProcessName:chrome.exe TotalMemory:1471.18359375M totalCPU:0.0%
2017-07-16 14:43:22,088 - Monitor - INFO - chrome.exe Server is running...
2017-07-16 14:44:24,956 - Monitor - INFO - ProcessName:services.exe TotalMemory:4.66015625M totalCPU:0.0%
2017-07-16 14:44:24,957 - Monitor - INFO - services.exe Server is running...
2017-07-16 14:44:45,848 - Monitor - INFO - ProcessName:chrome.exe TotalMemory:1380.21484375M totalCPU:0.0%
2017-07-16 14:44:45,848 - Monitor - INFO - chrome.exe Server is running...
2017-07-16 14:45:48,357 - Monitor - INFO - ProcessName:services.exe TotalMemory:5.05078125M totalCPU:0.0%
2017-07-16 14:45:48,358 - Monitor - INFO - services.exe Server is running...
2017-07-16 14:45:49,756 - Monitor - INFO - chrome.exe已停止运行！
2017-07-16 14:45:50,990 - Monitor - INFO - 
Server is not running,Begining to Restart Server...
2017-07-16 14:45:50 --Sunday--07/16/17 14:45:50

2017-07-16 14:45:50,996 - Monitor - INFO - chrome.exeRestart Server Success...
2017-07-16 14:45:50 --Sunday--07/16/17 14:45:50
2017-07-16 14:46:53,904 - Monitor - INFO - ProcessName:services.exe TotalMemory:5.04296875M totalCPU:17.2%
2017-07-16 14:46:53,905 - Monitor - INFO - services.exe Server is running...
2017-07-16 14:47:13,796 - Monitor - INFO - ProcessName:chrome.exe TotalMemory:1043.08203125M totalCPU:0.0%
2017-07-16 14:47:13,796 - Monitor - INFO - chrome.exe Server is running...
2017-07-16 14:48:16,641 - Monitor - INFO - ProcessName:services.exe TotalMemory:5.05078125M totalCPU:28.1%
2017-07-16 14:48:16,642 - Monitor - INFO - services.exe Server is running...
2017-07-16 14:48:36,489 - Monitor - INFO - ProcessName:chrome.exe TotalMemory:1000.1484375M totalCPU:0.0%
2017-07-16 14:48:36,490 - Monitor - INFO - chrome.exe Server is running...
2017-07-16 14:49:39,308 - Monitor - INFO - ProcessName:services.exe TotalMemory:5.00390625M totalCPU:15.6%
2017-07-16 14:49:39,309 - Monitor - INFO - services.exe Server is running...
2017-07-16 14:49:59,187 - Monitor - INFO - ProcessName:chrome.exe TotalMemory:1001.125M totalCPU:0.0%
2017-07-16 14:49:59,188 - Monitor - INFO - chrome.exe Server is running...
2017-07-16 14:51:02,012 - Monitor - INFO - ProcessName:services.exe TotalMemory:4.9921875M totalCPU:18.7%
2017-07-16 14:51:02,013 - Monitor - INFO - services.exe Server is running...
2017-07-16 14:51:21,880 - Monitor - INFO - ProcessName:chrome.exe TotalMemory:1001.38671875M totalCPU:0.0%
2017-07-16 14:51:21,881 - Monitor - INFO - chrome.exe Server is running...
2017-07-16 14:52:24,707 - Monitor - INFO - ProcessName:services.exe TotalMemory:5.015625M totalCPU:17.2%
2017-07-16 14:52:24,707 - Monitor - INFO - services.exe Server is running...
2017-07-16 14:52:44,512 - Monitor - INFO - ProcessName:chrome.exe TotalMemory:1002.8203125M totalCPU:0.0%
2017-07-16 14:52:44,513 - Monitor - INFO - chrome.exe Server is running...
2017-07-16 14:53:47,338 - Monitor - INFO - ProcessName:services.exe TotalMemory:4.98828125M totalCPU:0.0%
2017-07-16 14:53:47,339 - Monitor - INFO - services.exe Server is running...
2017-07-16 14:54:07,160 - Monitor - INFO - ProcessName:chrome.exe TotalMemory:1003.10546875M totalCPU:0.0%
2017-07-16 14:54:07,161 - Monitor - INFO - chrome.exe Server is running...
2017-07-16 14:55:10,072 - Monitor - INFO - ProcessName:services.exe TotalMemory:4.95703125M totalCPU:20.3%
2017-07-16 14:55:10,073 - Monitor - INFO - services.exe Server is running...
2017-07-16 14:55:29,990 - Monitor - INFO - ProcessName:chrome.exe TotalMemory:979.4453125M totalCPU:1.6%
2017-07-16 14:55:29,990 - Monitor - INFO - chrome.exe Server is running...
2017-07-16 14:56:32,885 - Monitor - INFO - ProcessName:services.exe TotalMemory:4.68359375M totalCPU:0.0%
2017-07-16 14:56:32,887 - Monitor - INFO - services.exe Server is running...
